
> vite_react_shadcn_ts@0.0.0 build
> vite build

[36mvite v5.4.19 [32mbuilding for production...[36m[39m
transforming...
node.exe : 
Browserslist: 
browsers data 
(caniuse-lite) is 9 
months old. Please 
run:
At line:1 char:1
+ & "C:\Program Files\
nodejs/node.exe" 
"C:\Program 
Files\nodejs/node_mo 
...
+ ~~~~~~~~~~~~~~~~~~~~
~~~~~~~~~~~~~~~~~~~~~~
~~~~~~~~~~~~~~~~~~~~~~
~~~~~
    + CategoryInfo    
          : NotSpeci  
  fied: (Browsersli   
 st: b...ld. Pleas    
e run::String) []    
, RemoteException
    + FullyQualifiedE 
   rrorId : NativeCo  
  mmandError
 
  npx update-browsersl
ist-db@latest
  Why you should do 
it regularly: https://
github.com/browserslis
t/update-db#readme
[33m[vite:css] 
@import must precede 
all other statements 
(besides @charset or 
empty @layer)
3  |  @tailwind 
utilities;
4  |  
5  |  @import url('htt
ps://fonts.googleapis.
com/css2?family=Instru
ment+Serif:ital@0;1&fa
mily=Plus+Jakarta+Sans
:ital,wght@0,400;0,500
;0,600;0,700;1,400&fam
ily=JetBrains+Mono:wgh
t@400;500;600&display=
swap');
   |  ^^^^^^^^^^^^^^^^
^^^^^^^^^^^^^^^^^^^^^^
^^^^^^^^^^^^^^^^^^^^^^
^^^^^^^^^^^^^^^^^^^^^^
^^^^^^^^^^^^^^^^^^^^^^
^^^^^^^^^^^^^^^^^^^^^^
^^^^^^^^^^^^^^^^^^^^^^
^^^^^^^^^^^^^^^^^^^^^^
^^^^^^^^^^^^^^^^^^^^^^
^^^^^^^
6  |  
7  |  @layer base 
{[39m
[32mΓ£ô[39m 2552 modules transformed.
[36mvite v5.4.19 [32mbuilding for production...[36m[39m
transforming...
[32mΓ£ô[39m 68 modules transformed.
rendering chunks...
computing gzip size...
[2mdist-electron/[22m[36mmain.js  [39m[1m[2m421.96 kB[22m[1m[22m[2m Γöé gzip: 95.45 kB[22m
[32mΓ£ô built in 299ms[39m
[36mvite v5.4.19 [32mbuilding for production...[36m[39m
transforming...
[32mΓ£ô[39m 1 modules transformed.
rendering chunks...
computing gzip size...
[2mdist-electron/[22m[36mpreload.mjs  [39m[1m[2m0.21 kB[22m[1m[22m[2m Γöé gzip: 0.16 kB[22m
[32mΓ£ô built in 6ms[39m
[31mx[39m Build 
failed in 2.74s
[31merror during 
build:
[31msrc/components/pr
icing/PricingDashboard
.tsx (30:2): "calculat
ePricingBreakdown" is 
not exported by "src/l
ib/pricingEngine.ts", 
imported by "src/compo
nents/pricing/PricingD
ashboard.tsx".[31m
file: [36mE:/AI/Pharm
aBay/ebaylister/src/co
mponents/pricing/Prici
ngDashboard.tsx:30:2[
31m
[33m
28: } from 
"lucide-react";
29: import {
30:   calculatePricing
Breakdown,
      ^
31:   DEFAULT_PRICING_
CONFIG,
32:   type Channel,
[31m
    at getRollupError 
(file:///E:/AI/PharmaB
ay/ebaylister/node_mod
ules/rollup/dist/es/sh
ared/parseAst.js:395:4
1)
    at error (file:///
E:/AI/PharmaBay/ebayli
ster/node_modules/roll
up/dist/es/shared/pars
eAst.js:391:42)
    at Module.error (f
ile:///E:/AI/PharmaBay
/ebaylister/node_modul
es/rollup/dist/es/shar
ed/node-entry.js:15535
:16)
    at 
Module.traceVariable (
file:///E:/AI/PharmaBa
y/ebaylister/node_modu
les/rollup/dist/es/sha
red/node-entry.js:1598
4:29)
    at ModuleScope.fin
dVariable (file:///E:/
AI/PharmaBay/ebayliste
r/node_modules/rollup/
dist/es/shared/node-en
try.js:13770:39)
    at FunctionScope.f
indVariable (file:///E
:/AI/PharmaBay/ebaylis
ter/node_modules/rollu
p/dist/es/shared/node-
entry.js:5252:38)
    at FunctionBodySco
pe.findVariable (file:
///E:/AI/PharmaBay/eba
ylister/node_modules/r
ollup/dist/es/shared/n
ode-entry.js:5252:38)
    at ReturnValueScop
e.findVariable (file:/
//E:/AI/PharmaBay/ebay
lister/node_modules/ro
llup/dist/es/shared/no
de-entry.js:5252:38)
    at FunctionBodySco
pe.findVariable (file:
///E:/AI/PharmaBay/eba
ylister/node_modules/r
ollup/dist/es/shared/n
ode-entry.js:5252:38)
    at 
Identifier.bind (file:
///E:/AI/PharmaBay/eba
ylister/node_modules/r
ollup/dist/es/shared/n
ode-entry.js:5035:40)
[39m
